## Prior Knowledge
- [[knowledge:conventions/widget-naming#Widget Naming]]
  # Widget Naming
- [[knowledge:preferences/widget-review-preference#Review Widget Diffs Stage By Stage]]
  # Review Widget Diffs Stage By Stage
- [[knowledge:domains/widget-domain#Widget Domain]]
  # Widget Domain
- [[knowledge:workflows/widget-release#Widget Release Steps]]
  # Widget Release Steps
- [[knowledge:gotchas/widget-cache-stale#Widget Cache Stale Reads]]
  # Widget Cache Stale Reads
- [[knowledge:principles/widget-abstraction-law#Widget Abstraction Law]]
  # Widget Abstraction Law
