 ✓─╮─╮     a     schema                                                                                             done
 ● │ │     b     left leg                                                                                        running
 │ ◈ │     c     right leg                                                                                  waiting on b
 ○─╯ │     d     diamond join                                                                            waiting on b, c
     │ ○   e     refers to ghost                                                              queued · ⚠ unknown step zz
     ✕     f     abandoned path                                                                                  dropped
 ?         g     novel status                                                                          parked-for-review
   ○       y     cycle two                                                                        waiting on x · ⟳ cycle
   ○       x     cycle one                                                                        waiting on y · ⟳ cycle
