 ✓─╮─╮     a     schema  done
 ● │ │     b     left leg  in-flight
 │ ◈ │     c     right leg  blocked-on:b
 ○─╯ │     d     diamond join  pending · waits: b, c
     │ ○   e     refers to ghost  pending · ⚠ dep?zz
     ✕     f     abandoned path  dropped
 ?         g     novel status  parked-for-review · ro
   ○       y     cycle two  pending · waits: x · ⟳ cycle
   ○       x     cycle one  pending · waits: y · ⟳ cycle
