 ✓─╮       S1    spec auth                                                                                          done
 ▲ │       S2    impl auth                                                                                     needs you
 ○─╯       S3    integrate                                                       waiting on S2 · flagged for your review
