 ✓─╮─╮─╮─╮  root  walking skeleton                                                                                  done
 ✓ │ │ │ │  w1    worker one                                                                                        done
 │ ● │ │ │  w2    worker two                                                                                     running
 │ │ ● │ │  w3    worker three                                                                                   running
 │ │ │ ○ │  w4    worker four                                                                                     queued
 │ │ │ │ ▲  w5    worker five                                                                                  needs you
 ○─╯─╯─╯─╯  join  assemble + verify                                                            waiting on w2, w3, w4, w5
