[0;38;2;150;134;178mtool-output 22[0m ······························
[0;38;2;155;131;182mtool-output 23[0m ······························
[0;38;2;160;128;186mtool-output 24[0m ······························
[0;38;2;165;125;190mtool-output 25[0m ······························
[0;38;2;170;122;194mtool-output 26[0m ······························
[0;38;2;175;119;198mtool-output 27[0m 好 ⠋ ························
[0;38;2;180;116;202mtool-output 28[0m ······························
[0;38;2;185;113;206mtool-output 29[0m ······························
[0;38;2;190;110;210mtool-output 30[0m ······························
[0;38;2;195;107;214mtool-output 31[0m ······························
[0;38;2;200;104;218mtool-output 32[0m ······························
[0;38;2;205;101;222mtool-output 33[0m ······························
[0;38;2;210;98;226mtool-output 34[0m ······························
[0;38;2;215;95;230mtool-output 35[0m 好 ⠋ ························
[0;38;2;220;92;234mtool-output 36[0m ······························
[0;38;2;225;89;238mtool-output 37[0m ······························
[0;38;2;255;176;0m⠸ Thinking… (2s)[0m
  reading files
  planning
[0;38;2;0;255;128mOVERWRITTEN-AFTER-CR[0m
[0;1;38;2;137;180;250m╭─ claude ─────────────────────╮[0m
[0;38;2;137;180;250m│[0m done: spec drafted          [0;38;2;137;180;250m│[0m
[0;38;2;137;180;250m╰──────────────────────────────╯[0m
[0;38;2;166;227;161m❯[0m ready